// Jest Snapshot v1, https://goo.gl/fbAQLP

exports[`HotelList.tsx renders correctly 1`] = `
<Container>
  <div
    className="wrapper"
  >
    <img
      alt="Quantas"
      className="logo"
      src="test-file-stub"
    />
    <div
      className="list-top"
    >
      <div
        className="counter"
      >
        <span
          className="count"
        >
          3
        </span>
        <span>
           
          hotels
           in 
        </span>
        <span
          className="location"
        >
          Sydney.
        </span>
      </div>
      <Sorter
        handleChange={[Function]}
        name="price-sorter"
        value="HIGH_LOW"
      />
    </div>
    <div
      className="list-body"
    >
      <HotelItem
        hotel={
          Object {
            "address": "1 What Street, Where 3333",
            "id": "123",
            "image": Object {
              "caption": "Photo1",
              "type": "PRIMARY",
              "url": "https://photo1.png",
            },
            "name": "First Hotel",
            "pricing": Object {
              "cancellationType": "FREE_CANCELLATION",
              "name": "Promo1",
              "price": Object {
                "currency": "AU",
                "value": 111,
              },
              "promotion": Object {
                "title": "Promo1",
                "type": "MEMBER",
              },
              "savings": Object {
                "currency": "AU",
                "value": 11,
              },
            },
            "rating": Object {
              "type": "SELF",
              "value": 3,
            },
          }
        }
        key="123"
      />
      <HotelItem
        hotel={
          Object {
            "address": "2 Which Way, Where 2222",
            "id": "456",
            "image": Object {
              "caption": "Photo2",
              "type": "PRIMARY",
              "url": "https://photo2.png",
            },
            "name": "Second Hotel",
            "pricing": Object {
              "cancellationType": "FREE_CANCELLATION",
              "name": "Promo2",
              "price": Object {
                "currency": "US",
                "value": 222,
              },
              "promotion": Object {
                "title": "Promo2",
                "type": "MEMBER",
              },
            },
            "rating": Object {
              "type": "STAR",
              "value": 4,
            },
          }
        }
        key="456"
      />
      <HotelItem
        hotel={
          Object {
            "address": "3 Where Road, Somewhere 1111, Australia",
            "id": "789",
            "image": Object {
              "caption": "Photo3",
              "type": "PRIMARY",
              "url": "https://photo3.png",
            },
            "name": "Third Hotel",
            "pricing": Object {
              "cancellationType": "FREE_CANCELLATION",
              "name": "Promo3",
              "price": Object {
                "currency": "US",
                "value": 333,
              },
              "promotion": Object {
                "title": "Promo3",
                "type": "MEMBER",
              },
              "savings": Object {
                "currency": "US",
                "value": 33,
              },
            },
            "rating": Object {
              "type": "SELF",
              "value": 5,
            },
          }
        }
        key="789"
      />
    </div>
  </div>
</Container>
`;
