// Jest Snapshot v1, https://goo.gl/fbAQLP

exports[`Loading.tsx renders correctly 1`] = `
<span
  className="loader"
/>
`;
